ASM990 2.4.6                                Sat Aug  8 10:52:39 2026 Page 0001


              1  * ============================================================
              2  * VGM Player for TMS9900 by Paul Chernikhowsky
              3  * Assembler: asm990
              4  *
              5  * Plays back a VGM format file using the YM3812 FM synthesis ch
              6  *
              7  * Note that hex constants in this file use the TMS 9900 format 
              8  * 
              9  * Code origin: 0x8000 (code must be loaded at this RAM location
             10  * VGM data:    0x9000 (VGM data file must be located starting a
             11  *
             12  * YM3812 CRU mapping:
             13  *   CRU bits 0-7 = D0-D7  (data bus, 8 bits)
             14  *   CRU bit  8   = A0     (0=address write, 1=data write)
             15  *   CRU bit  9   = /CS    (chip select, active low)
             16  *   CRU bit  A   = /RD    (read strobe,  active low)
             17  *   CRU bit  B   = /WR    (write strobe, active low)
             18  *
             19  * Register usage:
             20  *   R0  - scratch / CRU data byte
             21  *   R1  - VGM program counter (byte address)
             22  *   R2  - current VGM command byte
             23  *   R3  - YM3812 register address (for OPL write)
             24  *   R4  - YM3812 data byte (for OPL write)
             25  *   R5  - wait sample count (16-bit)
             26  *   R6  - scratch / loop counter
             27  *   R7  - scratch
             28  *   R8  - VGM loop point address (0 = no loop)
             29  *   R14 - saved PC
             30  *   R15 - saved ST
             31  *
             32  * ============================================================
             33  
             34  * ------------------------------------------------------------
             35  * Constants
             36  * ------------------------------------------------------------
     0100    37  CRUBASE EQU  >0100        * YM3812 CRU base address - this shou
     0000    38  ACCBASE EQU  >0000        * TMS 9902 serial port CRU base addre
     9000    39  VGMBASE EQU  >9000        * VGM data start in memory
             40  
     005A    41  CMD_OPL  EQU  >5A         * VGM command: YM3812 write
     0061    42  CMD_WAIT EQU  >61         * VGM command: wait N samples
     0062    43  CMD_W60  EQU  >62         * VGM command: wait 735 samples (1/60
     0063    44  CMD_W50  EQU  >63         * VGM command: wait 882 samples (1/50
     0066    45  CMD_END  EQU  >66         * VGM command: end of stream
             46  
             47  * VGM header offsets
     0034    48  VGM_DATOFS EQU  >34       * offset of data-offset field in head
     0014    49  VGM_GD3OFS EQU  >14       * offset of GD3 relative-offset field
     9014    50  VGM_GD3ABS EQU  VGMBASE+>14  * absolute address of GD3 offset f
     001C    51  VGM_LPOFS  EQU  >1C       * offset of loop-offset field (32-bit
     0020    52  VGM_LPCNT  EQU  >20       * offset of loop sample count (32-bit
     901C    53  VGM_LPABS  EQU  VGMBASE+>1C  * absolute address of loop-offset 
             54  
             55  * GD3 tag structure offsets from tag start
     0000    56  GD3_IDENT  EQU  >00       * "Gd3 " 4-byte magic
     0004    57  GD3_VER    EQU  >04       * version (4 bytes)
     0008    58  GD3_LEN    EQU  >08       * data length (4 bytes)
     000C    59  GD3_DATA   EQU  >0C       * first string starts here (English t
             60  
ASM990 2.4.6                                Sat Aug  8 10:52:39 2026 Page 0002


             61  * Wait constants (samples, 16-bit)
     02DF    62  WAIT_735 EQU  735         * 1 NTSC frame @ ~44100 Hz (VGM stand
     0372    63  WAIT_882 EQU  882         * 1 PAL  frame
             64  
             65  * ------------------------------------------------------------
             66  * Workspace (32 bytes of scratchpad RAM, word-aligned)
             67  * ------------------------------------------------------------
     8200    68  WRKSP    EQU  >8200
             69  
             70  * ------------------------------------------------------------
             71  * Code entry point
             72  * ------------------------------------------------------------
8000         73           AORG >8000
             74  
8000 02E0    75  START    LWPI WRKSP       * load workspace pointer
8002 8200 
8004 0300    76           LIMI 0           * disable interrupts
8006 0000 
             77  
             78  * Set up CRU base for YM3812 in R12
8008 020C    79           LI   R12,CRUBASE * R12 = >0100
800A 0100 
             80  
             81  * Deassert /CS, /RD, /WR (all are inactive high)
800C 1D0A    82           SBO  10          * /RD = 1 (inactive)
800E 1D0B    83           SBO  11          * /WR = 1 (inactive)
8010 1D09    84           SBO  9           * /CS = 1 (deselected)
             85  
8012 06A0    86           BL   @FMRESET    * Reset the YM3812 chip
8014 80C6 
             87                  
             88  * Calculate VGM data start address
             89  * Absolute data start = VGMBASE + >34 + offset_at_(VGMBASE+>34)
8016 0201    90           LI R1, VGMBASE+>80    * standard data start = >9000 + 
8018 9080 
             91  
             92  * ------------------------------------------------------------
             93  * Read VGM loop offset from header (32-bit LE at VGMBASE+>1C)
             94  * Loop abs address = VGMBASE + VGM_LPOFS + loop_offset
             95  * If loop_offset == 0, no loop; R8 = 0 signals that below.
             96  * We only use the lower 16 bits (VGM files have to fit in the 6
             97  * TMS9900 MOV reads [addr] as high byte, [addr+1] as low byte
             98  * (big-endian word read), but the field is little-endian in
             99  * the VGM file, so one SWPB corrects the 16-bit value.
            100  * ------------------------------------------------------------
801A C220   101           MOV  @VGM_LPABS,R8    * load LE low 16 bits of loop of
801C 901C 
801E 06C8   102           SWPB R8               * R8 = correct 16-bit offset val
8020 0288   103           CI   R8,0
8022 0000 
8024 1302   104           JEQ  NOLOOP           * zero offset -> no loop, leave 
8026 0228   105           AI   R8,VGM_LPABS     * R8 = VGMBASE + >1C + offset  (
8028 901C 
802A        106  NOLOOP
            107  
            108  * ------------------------------------------------------------
            109  * Main player loop
            110  * ------------------------------------------------------------
802A 06A0   111           BL   @PRTGD3     * Read GD3 tag and print track name
802C 80FE 
ASM990 2.4.6                                Sat Aug  8 10:52:39 2026 Page 0003


            112  
802E        113  MAINLP
802E 020C   114           LI   R12,ACCBASE * CRU base for TMS9902
8030 0000 
8032 1F15   115           TB   21          * test receive buffer full flag
8034 1316   116           JEQ  STOP        * character waiting - stop playback
8036 020C   117           LI   R12,CRUBASE * restore YM3812 CRU base
8038 0100 
            118  
803A D0B1   119           MOVB *R1+,R2     * fetch command byte, advance PC
803C 06C2   120           SWPB R2          * move byte to low byte of R2
803E 0242   121           ANDI R2,>00FF    * zero-extend
8040 00FF 
            122  
8042 0282   123           CI   R2,CMD_END  * >66 end of stream?
8044 0066 
8046 1336   124           JEQ  DOEND
            125  
8048 0282   126           CI   R2,CMD_OPL  * >5A YM3812 write?
804A 005A 
804C 1311   127           JEQ  DOOPL
            128  
804E 0282   129           CI   R2,CMD_WAIT * >61 wait N samples?
8050 0061 
8052 1319   130           JEQ  DOWAIT
            131  
8054 0282   132           CI   R2,CMD_W60  * >62 wait 735 samples?
8056 0062 
8058 1323   133           JEQ  DOW60
            134  
805A 0282   135           CI   R2,CMD_W50  * >63 wait 882 samples?
805C 0063 
805E 1325   136           JEQ  DOW50
            137                  
            138  * Unknown command: single byte is already consumed, so skip and
8060 10E6   139           JMP  MAINLP
            140  
            141  * ------------------------------------------------------------
8062 C24B   142  STOP     MOV  R11,R9      * save R11 across nested calls
8064 1E12   143           SBZ  18          * Reset RBRL (to clear rcvd char)
8066 020C   144           LI   R12,CRUBASE * restore YM3812 CRU base
8068 0100 
806A 06A0   145           BL   @FMRESET    * silence the chip
806C 80C6 
            146  
806E 1027   147           JMP  DONE
            148  
            149  * ------------------------------------------------------------
8070 D0F1   150  DOOPL    MOVB *R1+,R3     * fetch register byte
8072 06C3   151           SWPB R3
8074 0243   152           ANDI R3,>00FF
8076 00FF 
8078 D131   153           MOVB *R1+,R4     * fetch data byte
807A 06C4   154           SWPB R4
807C 0244   155           ANDI R4,>00FF
807E 00FF 
8080 06A0   156           BL   @OPLWRT
8082 815E 
8084 10D4   157           JMP  MAINLP
            158  
ASM990 2.4.6                                Sat Aug  8 10:52:39 2026 Page 0004


            159  * ------------------------------------------------------------
8086 D031   160  DOWAIT   MOVB *R1+,R0     * fetch low byte of sample count
8088 06C0   161           SWPB R0
808A 0240   162           ANDI R0,>00FF
808C 00FF 
808E D171   163           MOVB *R1+,R5     * fetch high byte
8090 06C5   164           SWPB R5
8092 0245   165           ANDI R5,>00FF
8094 00FF 
8096 0A85   166           SLA  R5,8        * shift high byte to upper 8 bits
8098 E140   167           SOC  R0,R5       * combine: R5 = 16-bit sample count
809A 06A0   168           BL   @DOWT
809C 8194 
809E 10C7   169           JMP  MAINLP
            170  
            171  * ------------------------------------------------------------
80A0 0205   172  DOW60    LI   R5,WAIT_735
80A2 02DF 
80A4 06A0   173           BL   @DOWT
80A6 8194 
80A8 10C2   174           JMP  MAINLP
            175  
            176  * ------------------------------------------------------------
80AA 0205   177  DOW50    LI   R5,WAIT_882
80AC 0372 
80AE 06A0   178           BL   @DOWT
80B0 8194 
80B2 10BD   179           JMP  MAINLP
            180  
            181  * ------------------------------------------------------------
            182  * End-of-stream handler: loop back if a loop point is set,
            183  * otherwise fall through to DONE.
            184  * ------------------------------------------------------------
80B4 0288   185  DOEND    CI   R8,0        * loop point set?
80B6 0000 
80B8 1302   186           JEQ  DONE        * no -> stop
80BA C048   187           MOV  R8,R1       * yes -> R1 (VGM PC) = loop address
80BC 10B8   188           JMP  MAINLP      * continue from loop point
            189  
            190  * ------------------------------------------------------------
80BE 2FA0   191  DONE     XOP  @ENDMSG,14  * Print done message
80C0 81EE 
80C2 0460   192           B    >0080       * Return to TIBUG
80C4 0080 
            193  
            194  * ============================================================
            195  * Reset YM3812: write 0 to all operator registers >20->F5
            196  * Trashes: R3, R4, R9
            197  * Returns: via B *R9
            198  * ============================================================
80C6 C24B   199  FMRESET  MOV  R11,R9
80C8 2FA0   200           XOP  @RSTMSG,14  * Print reset message
80CA 81AA 
            201  
            202  * --- Key-off all 9 channels first ---
80CC 0203   203           LI   R3,>00B0    * first channel key-on register
80CE 00B0 
80D0 04C4   204           CLR  R4          * data = 0 (key-off, block=0, freq-hi
80D2 06A0   205  KLOOP    BL   @OPLWRT
80D4 815E 
ASM990 2.4.6                                Sat Aug  8 10:52:39 2026 Page 0005


80D6 0223   206           AI   R3,>0001
80D8 0001 
80DA 0283   207           CI   R3,>00B9    * done after B8
80DC 00B9 
80DE 16F9   208           JNE  KLOOP
            209  
            210  * --- Short delay to let envelopes release ---
80E0 0205   211           LI   R5,>0800
80E2 0800 
80E4 0605   212  RDLY     DEC  R5
80E6 16FE   213           JNE  RDLY
            214  
            215  * --- Now zero all operator registers ---
80E8 0203   216           LI   R3,>0020
80EA 0020 
80EC 04C4   217           CLR  R4
80EE 06A0   218  RLOOP    BL   @OPLWRT
80F0 815E 
80F2 0223   219           AI   R3,>0001
80F4 0001 
80F6 0283   220           CI   R3,>00F6
80F8 00F6 
80FA 16F9   221           JNE  RLOOP
80FC 0459   222           B    *R9
            223                  
            224  * ============================================================
            225  * PRTGD3 - Read GD3 English track name and print it
            226  *
            227  * Reads the 32-bit little-endian GD3 relative offset from the
            228  * VGM header at VGMBASE+>14.  The offset is relative to its own
            229  * location, so:  GD3_abs = VGMBASE + VGM_GD3OFS + offset
            230  * The GD3 header is 12 bytes ("Gd3 " + version + length), after
            231  * which follows the first string: English track name in UTF-16L
            232  * We iterate through the UTF-16LE chars, outputting the low byt
            233  * of each via XOP 12 (TIBUG single character output), stopping 
            234  * low byte is zero.  Falls back to a generic message if no GD3 
            235  *
            236  * Trashes: R0, R6, R7, R9
            237  * Returns: via B *R11
            238  * ============================================================
80FE        239  PRTGD3
            240  * --- Step 1: read GD3 relative offset (32-bit little-endian) -
            241  * VGM stores it LE: byte[>14]=lo8, byte[>15]=hi8 (low 16 bits).
            242  * TMS9900 MOV loads [addr] as high byte, [addr+1] as low byte,
            243  * so after MOV the bytes are swapped; SWPB corrects this.
            244  * Upper 16 bits (bytes >16/>17) ignored; VGM files fit in 64KB.
80FE C1E0   245           MOV  @VGM_GD3ABS,R7           * load LE word (bytes sw
8100 9014 
8102 06C7   246           SWPB R7                       * R7 = correct 16-bit of
            247  
            248  * --- Step 2: check for absent GD3 (offset == 0) ---
8104 0287   249           CI   R7,0
8106 0000 
8108 1321   250           JEQ  NOGD3
            251  
            252  * --- Step 3: compute absolute address of GD3 tag ---
            253  * Absolute = VGMBASE + VGM_GD3OFS + R7
810A 0227   254           AI   R7,VGM_GD3ABS            * R7 -> "Gd3 " magic
810C 9014 
            255  
ASM990 2.4.6                                Sat Aug  8 10:52:39 2026 Page 0006


            256  * --- Step 4: skip GD3 header (12 bytes) to reach string data -
            257  * "Gd3 " (4) + version (4) + data-length (4) = >0C bytes
810E 0227   258           AI   R7,GD3_DATA              * R7 -> first UTF-16LE c
8110 000C 
            259  
            260  * --- Step 5: print prefix ---
8112 2FA0   261           XOP  @MSGPFX,14               * print "Now playing: "
8114 81C2 
            262  
            263  * --- Step 6: output track name one ASCII char at a time via XO
            264  * UTF-16LE: each char is two bytes, low byte first then high by
            265  * For ASCII-range titles the high byte is always >00; we use lo
            266  * MOVB *R7+,R6 fetches the low byte into R6's high byte and set
8116 D1B7   267  GLOOP    MOVB *R7+,R6                  * R6 hi = UTF-16 low byt
8118 1303   268           JEQ  GNULL                    * null low byte -> end o
811A D037   269           MOVB *R7+,R0                  * consume UTF-16 high by
811C 2F06   270           XOP  R6,12                    * output character in hi
811E 10FB   271           JMP  GLOOP
            272  
8120 D037   273  GNULL    MOVB *R7+,R0                  * consume the paired hig
8122 2FA0   274           XOP  @MSGCR,14                * newline after track na
8124 81D5 
            275  
            276  * --- Step 7: skip 5 more UTF-16LE strings to reach author fiel
            277  * Strings 2-6: track name (orig), game name (EN), game name (or
            278  *              system name (EN), system name (orig)
            279  * Save PRTGD3's return address; BL @SKPSTR will overwrite R11.
8126 C24B   280           MOV  R11,R9                   * R9 = saved return addr
8128 0206   281           LI   R6,5                     * skip 5 strings
812A 0005 
812C 06A0   282  SKIPLP   BL   @SKPSTR                  * advance R7 past one UT
812E 8152 
8130 0606   283           DEC  R6
8132 16FC   284           JNE  SKIPLP
8134 C2C9   285           MOV  R9,R11                   * restore PRTGD3's retur
            286  
            287  * --- Step 8: print author (English) ---
8136 2FA0   288           XOP  @MSGBY,14                * print "by: "
8138 81D0 
813A D1B7   289  ALOOP    MOVB *R7+,R6                  * R6 hi = UTF-16 low byt
813C 1303   290           JEQ  ANULL                    * null low byte -> end o
813E D037   291           MOVB *R7+,R0                  * consume UTF-16 high by
8140 2F06   292           XOP  R6,12                    * output character in hi
8142 10FB   293           JMP  ALOOP
            294  
8144 D037   295  ANULL    MOVB *R7+,R0                  * consume the paired hig
8146 2FA0   296           XOP  @MSGCR,14                * print CR/LF
8148 81D5 
814A 045B   297           B    *R11
            298  
            299  * --- Fallback: no GD3 tag ---
814C 2FA0   300  NOGD3    XOP  @PLAYMSG,14              * print generic "Playing
814E 81D8 
8150 045B   301           B    *R11
            302  
            303  * ============================================================
            304  * SKPSTR - Skip one null-terminated UTF-16LE string
            305  * Advances R7 past the next string including its double-null te
            306  * Trashes: R0
            307  * ============================================================
ASM990 2.4.6                                Sat Aug  8 10:52:39 2026 Page 0007


8152 D037   308  SKPSTR   MOVB *R7+,R0                  * fetch low byte; EQ set
8154 1302   309           JEQ  SKEND
8156 D037   310           MOVB *R7+,R0                  * consume high byte
8158 10FC   311           JMP  SKPSTR
815A D037   312  SKEND    MOVB *R7+,R0                  * consume paired high by
815C 045B   313           B    *R11
            314  
            315  * ============================================================
            316  * OPLWRT - Write one byte to YM3812
            317  * Inputs:  R3 = register address (word, low byte used)
            318  *          R4 = data byte        (word, low byte used)
            319  * Trashes: R0, R6
            320  * Uses R12 as CRU base (must already be set to CRUBASE*2)
            321  * ============================================================
815E        322  OPLWRT
            323  * --- Phase 1: write register address ---
815E C003   324           MOV  R3,R0       * copy register to R0 for LDCR
8160 06C0   325                  SWPB R0          * swap MSB and LSB
8162 3200   326           LDCR R0,8        * output 8 bits to CRU D0-D7
            327  
8164 1E08   328           SBZ  8           * YM3812 A0 = 0 (address phase)
8166 1D0A   329           SBO  10          * YM3812 /RD = 1 (inactive)
8168 1D0B   330           SBO  11          * YM3812 /WR = 1 (deassert first)
816A 1E09   331           SBZ  9           * YM3812 /CS = 0 (select)
816C 1E0B   332           SBZ  11          * YM3812 /WR = 0 (latch address)
816E 1D0B   333           SBO  11          * YM3812 /WR = 1 (done)
8170 1D09   334           SBO  9           * YM3812 /CS = 1 (deselect)
            335  
            336  * Address setup delay (~3.3 us = ~10 cycles @ 3MHz, we do a sho
8172 0206   337           LI   R6,5
8174 0005 
8176 0606   338  ADLP     DEC  R6
8178 16FE   339           JNE  ADLP
            340  
            341  * --- Phase 2: write data ---
817A C004   342           MOV  R4,R0       * copy data to R0 for LDCR
817C 06C0   343                  SWPB R0          * swap MSB and LSB
817E 3200   344           LDCR R0,8        * output 8 bits to CRU D0-D7
            345  
8180 1D08   346           SBO  8           * YM3812 A0 = 1 (data phase)
8182 1E09   347           SBZ  9           * YM3812 /CS = 0 (select)
8184 1E0B   348           SBZ  11          * YM3812 /WR = 0 (latch data)
8186 1D0B   349           SBO  11          * YM3812 /WR = 1 (done)
8188 1D09   350           SBO  9           * YM3812 /CS = 1 (deselect)
            351  
818A 1E08   352           SBZ  8           * Exit with YM3812 A0 low
818C 0200   353                  LI   R0,>0
818E 0000 
8190 3200   354                  LDCR R0,8        * Exit with YM3812 data bits l
            355  
8192 045B   356           B    *R11        * return (BL saves return addr in R11
            357  
            358  * ============================================================
            359  * DOWT - Busy-wait for R5 samples
            360  *
            361  * This delay loop is precisely tuned to play back at the correc
            362  * tempo only when using a 3 MHz CPU clock. The timing will need
            363  * to be adjusted if a different CPU clock is used.
            364  *
            365  * Trashes: R6
ASM990 2.4.6                                Sat Aug  8 10:52:39 2026 Page 0008


            366  * ============================================================
8194        367  DOWT
8194 C185   368           MOV  R5,R6        
8196 1308   369           JEQ  DWDONE       
8198 1000   370  DWOUT    NOP               * 10 cycles
819A 1000   371           NOP               * 10 cycles
819C 0300   372           LIMI 0            * 16 cycles
819E 0000 
81A0 0300   373           LIMI 0            * 16 cycles
81A2 0000 
81A4 0606   374           DEC  R6           * 10 cycles
81A6 16F8   375           JNE  DWOUT        * 10 taken / 8 not taken
81A8 045B   376  DWDONE   B    *R11
            377  
            378  * ------------------------------------------------------------
            379  * Text strings
            380  * ------------------------------------------------------------
            381  
81AA 0D     382  RSTMSG   BYTE >0d,>0a
81AB 0A   
81AC 52     383           TEXT 'Resetting YM3812...'
81AD 65   
81AE 73   
81AF 65   
81B0 74   
81B1 74   
81B2 69   
81B3 6E   
81B4 67   
81B5 20   
81B6 59   
81B7 4D   
81B8 33   
81B9 38   
81BA 31   
81BB 32   
81BC 2E   
81BD 2E   
81BE 2E   
81BF 0D     384           BYTE >0d,>0a,>00
81C0 0A   
81C1 00   
            385                  
81C2 4E     386  MSGPFX   TEXT 'Now playing: '
81C3 6F   
81C4 77   
81C5 20   
81C6 70   
81C7 6C   
81C8 61   
81C9 79   
81CA 69   
81CB 6E   
81CC 67   
81CD 3A   
81CE 20   
81CF 00     387           BYTE >00
            388  
81D0 62     389  MSGBY    TEXT 'by: '
81D1 79   
ASM990 2.4.6                                Sat Aug  8 10:52:39 2026 Page 0009


81D2 3A   
81D3 20   
81D4 00     390           BYTE >00
            391  
81D5 0D     392  MSGCR    BYTE >0d,>0a,>00
81D6 0A   
81D7 00   
            393  
81D8 50     394  PLAYMSG  TEXT 'Playing VGM file...'
81D9 6C   
81DA 61   
81DB 79   
81DC 69   
81DD 6E   
81DE 67   
81DF 20   
81E0 56   
81E1 47   
81E2 4D   
81E3 20   
81E4 66   
81E5 69   
81E6 6C   
81E7 65   
81E8 2E   
81E9 2E   
81EA 2E   
81EB 0D     395           BYTE >0d,>0a,>00
81EC 0A   
81ED 00   
            396  
81EE 44     397  ENDMSG   TEXT 'Done.'
81EF 6F   
81F0 6E   
81F1 65   
81F2 2E   
81F3 0D     398           BYTE >0d,>0a,>00
81F4 0A   
81F5 00   
            399                  
            400  
            401  * ============================================================
            402  * End of code
            403  * ============================================================
     8000   404           END  START
ASM990 2.4.6                                Sat Aug  8 10:52:39 2026 Page 0010


ACCBASE      0000   ADLP         8176   ALOOP        813A   ANULL        8144   
CMD_END      0066   CMD_OPL      005A   CMD_W50      0063   CMD_W60      0062   
CMD_WAIT     0061   CRUBASE      0100   DOEND        80B4   DONE         80BE   
DOOPL        8070   DOW50        80AA   DOW60        80A0   DOWAIT       8086   
DOWT         8194   DWDONE       81A8   DWOUT        8198   ENDMSG       81EE   
FMRESET      80C6   GD3_DATA     000C   GD3_IDENT    0000   GD3_LEN      0008   
GD3_VER      0004   GLOOP        8116   GNULL        8120   KLOOP        80D2   
MAINLP       802E   MSGBY        81D0   MSGCR        81D5   MSGPFX       81C2   
NOGD3        814C   NOLOOP       802A   OPLWRT       815E   PLAYMSG      81D8   
PRTGD3       80FE   R0           0000   R1           0001   R10          000A   
R11          000B   R12          000C   R13          000D   R14          000E   
R15          000F   R2           0002   R3           0003   R4           0004   
R5           0005   R6           0006   R7           0007   R8           0008   
R9           0009   RDLY         80E4   RLOOP        80EE   RSTMSG       81AA   
SKEND        815A   SKIPLP       812C   SKPSTR       8152   START        8000   
STOP         8062   VGMBASE      9000   VGM_DATOFS   0034   VGM_GD3ABS   9014   
VGM_GD3OFS   0014   VGM_LPABS    901C   VGM_LPCNT    0020   VGM_LPOFS    001C   
WAIT_735     02DF   WAIT_882     0372   WRKSP        8200   

0 Errors in assembly
